172.18.0.1 - - [28/Oct/2019:18:42:33 +0000] "GET /wp-content/plugins/woocommerce/assets/js/frontend/cart.min.js?ver=3.7.1 HTTP/1.1" 200 2182 "https://wordpress.local/cart/" "Mozilla/5.0 (Macintosh; Intel Mac OS X 10_14_5) AppleWebKit/537.36 (KHTML, like Gecko) Chrome/77.0.3865.120 Safari/537.36" "-"
172.18.0.1 - - [28/Oct/2019:18:42:33 +0000] "GET /wp-content/plugins/woocommerce/assets/js/selectWoo/selectWoo.full.min.js?ver=1.0.6 HTTP/1.1" 200 25981 "https://wordpress.local/cart/" "Mozilla/5.0 (Macintosh; Intel Mac OS X 10_14_5) AppleWebKit/537.36 (KHTML, like Gecko) Chrome/77.0.3865.120 Safari/537.36" "-"
172.18.0.1 - - [28/Oct/2019:18:42:40 +0000] "GET /checkout/ HTTP/1.1" 200 47729 "https://wordpress.local/cart/" "Mozilla/5.0 (Macintosh; Intel Mac OS X 10_14_5) AppleWebKit/537.36 (KHTML, like Gecko) Chrome/77.0.3865.120 Safari/537.36" "-"
172.18.0.1 - - [28/Oct/2019:18:42:40 +0000] "GET /wp-content/plugins/woocommerce-mercadopago/assets/css/config_mercadopago.css?ver=5.2.4 HTTP/1.1" 200 1216 "https://wordpress.local/checkout/" "Mozilla/5.0 (Macintosh; Intel Mac OS X 10_14_5) AppleWebKit/537.36 (KHTML, like Gecko) Chrome/77.0.3865.120 Safari/537.36" "-"
172.18.0.1 - - [28/Oct/2019:18:42:40 +0000] "GET /wp-content/plugins/woocommerce-mercadopago/assets/images/mercadopago.png HTTP/1.1" 200 5345 "https://wordpress.local/checkout/" "Mozilla/5.0 (Macintosh; Intel Mac OS X 10_14_5) AppleWebKit/537.36 (KHTML, like Gecko) Chrome/77.0.3865.120 Safari/537.36" "-"
172.18.0.1 - - [28/Oct/2019:18:42:40 +0000] "GET /wp-content/plugins/woocommerce-mercadopago/assets/js/ticket.js HTTP/1.1" 200 5689 "https://wordpress.local/checkout/" "Mozilla/5.0 (Macintosh; Intel Mac OS X 10_14_5) AppleWebKit/537.36 (KHTML, like Gecko) Chrome/77.0.3865.120 Safari/537.36" "-"
172.18.0.1 - - [28/Oct/2019:18:42:40 +0000] "GET /wp-content/plugins/woocommerce-mercadopago/assets/css/basic_checkout_mercadopago.css?ver=5.2.4 HTTP/1.1" 200 2154 "https://wordpress.local/checkout/" "Mozilla/5.0 (Macintosh; Intel Mac OS X 10_14_5) AppleWebKit/537.36 (KHTML, like Gecko) Chrome/77.0.3865.120 Safari/537.36" "-"
172.18.0.1 - - [28/Oct/2019:18:42:40 +0000] "GET /wp-content/plugins/woocommerce/assets/js/frontend/checkout.min.js?ver=3.7.1 HTTP/1.1" 200 4097 "https://wordpress.local/checkout/" "Mozilla/5.0 (Macintosh; Intel Mac OS X 10_14_5) AppleWebKit/537.36 (KHTML, like Gecko) Chrome/77.0.3865.120 Safari/537.36" "-"
172.18.0.1 - - [28/Oct/2019:18:42:44 +0000] "POST /?wc-ajax=update_order_review HTTP/1.1" 200 76149 "https://wordpress.local/checkout/" "Mozilla/5.0 (Macintosh; Intel Mac OS X 10_14_5) AppleWebKit/537.36 (KHTML, like Gecko) Chrome/77.0.3865.120 Safari/537.36" "-"
172.18.0.1 - - [28/Oct/2019:18:42:44 +0000] "GET /wp-content/plugins/woocommerce-mercadopago/assets/js/ticket.js HTTP/1.1" 200 5689 "https://wordpress.local/checkout/" "Mozilla/5.0 (Macintosh; Intel Mac OS X 10_14_5) AppleWebKit/537.36 (KHTML, like Gecko) Chrome/77.0.3865.120 Safari/537.36" "-"
172.18.0.6 - - [28/Oct/2019:18:42:52 +0000] "POST /wp-cron.php?doing_wp_cron=1572288172.0734291076660156250000 HTTP/1.1" 200 31 "https://wordpress.local/wp-cron.php?doing_wp_cron=1572288172.0734291076660156250000" "WordPress/5.2.4; https://wordpress.local" "-"
172.18.0.1 - - [28/Oct/2019:18:42:52 +0000] "POST /wp-admin/admin-ajax.php HTTP/1.1" 200 58 "https://wordpress.local/wp-admin/admin.php?page=wc-settings&tab=checkout&section=woo-mercado-pago-ticket" "Mozilla/5.0 (Macintosh; Intel Mac OS X 10_14_5) AppleWebKit/537.36 (KHTML, like Gecko) Chrome/77.0.3865.120 Safari/537.36" "-"
172.18.0.6 - - [28/Oct/2019:18:42:52 +0000] "POST /wp-cron.php?doing_wp_cron=1572288172.3313820362091064453125 HTTP/1.1" 200 31 "https://wordpress.local/wp-cron.php?doing_wp_cron=1572288172.3313820362091064453125" "WordPress/5.2.4; https://wordpress.local" "-"
172.18.0.1 - - [28/Oct/2019:18:42:53 +0000] "POST /?wc-ajax=checkout HTTP/1.1" 200 327 "https://wordpress.local/checkout/" "Mozilla/5.0 (Macintosh; Intel Mac OS X 10_14_5) AppleWebKit/537.36 (KHTML, like Gecko) Chrome/77.0.3865.120 Safari/537.36" "-"
172.18.0.1 - - [28/Oct/2019:18:42:54 +0000] "POST /wp-admin/admin-ajax.php HTTP/1.1" 200 58 "https://wordpress.local/wp-admin/admin.php?page=wc-settings&tab=checkout&section=woo-mercado-pago-custom" "Mozilla/5.0 (Macintosh; Intel Mac OS X 10_14_5) AppleWebKit/537.36 (KHTML, like Gecko) Chrome/77.0.3865.120 Safari/537.36" "-"
172.18.0.1 - - [28/Oct/2019:18:43:05 +0000] "POST /?wc-ajax=checkout HTTP/1.1" 200 130 "https://wordpress.local/checkout/" "Mozilla/5.0 (Macintosh; Intel Mac OS X 10_14_5) AppleWebKit/537.36 (KHTML, like Gecko) Chrome/77.0.3865.120 Safari/537.36" "-"
172.18.0.1 - - [28/Oct/2019:18:43:06 +0000] "GET /checkout/order-received/205/?key=wc_order_FsRTojBqIcORe HTTP/1.1" 200 27287 "https://wordpress.local/checkout/" "Mozilla/5.0 (Macintosh; Intel Mac OS X 10_14_5) AppleWebKit/537.36 (KHTML, like Gecko) Chrome/77.0.3865.120 Safari/537.36" "-"
172.18.0.1 - - [28/Oct/2019:18:43:06 +0000] "GET /wp-content/plugins/woocommerce-mercadopago/assets/css/config_mercadopago.css?ver=5.2.4 HTTP/1.1" 200 1216 "https://wordpress.local/checkout/order-received/205/?key=wc_order_FsRTojBqIcORe" "Mozilla/5.0 (Macintosh; Intel Mac OS X 10_14_5) AppleWebKit/537.36 (KHTML, like Gecko) Chrome/77.0.3865.120 Safari/537.36" "-"
172.18.0.1 - - [28/Oct/2019:18:43:06 +0000] "GET /wp-includes/js/wp-emoji-release.min.js?ver=5.2.4 HTTP/1.1" 200 5226 "https://wordpress.local/checkout/order-received/205/?key=wc_order_FsRTojBqIcORe" "Mozilla/5.0 (Macintosh; Intel Mac OS X 10_14_5) AppleWebKit/537.36 (KHTML, like Gecko) Chrome/77.0.3865.120 Safari/537.36" "-"
172.18.0.1 - - [28/Oct/2019:18:43:07 +0000] "POST /?wc-ajax=get_refreshed_fragments HTTP/1.1" 200 744 "https://wordpress.local/checkout/order-received/205/?key=wc_order_FsRTojBqIcORe" "Mozilla/5.0 (Macintosh; Intel Mac OS X 10_14_5) AppleWebKit/537.36 (KHTML, like Gecko) Chrome/77.0.3865.120 Safari/537.36" "-"
172.18.0.6 - - [28/Oct/2019:18:44:25 +0000] "POST /wp-cron.php?doing_wp_cron=1572288265.2590909004211425781250 HTTP/1.1" 200 31 "https://wordpress.local/wp-cron.php?doing_wp_cron=1572288265.2590909004211425781250" "WordPress/5.2.4; https://wordpress.local" "-"
172.18.0.1 - - [28/Oct/2019:18:44:26 +0000] "GET / HTTP/1.1" 200 12277 "https://wordpress.local/checkout/order-received/205/?key=wc_order_FsRTojBqIcORe" "Mozilla/5.0 (Macintosh; Intel Mac OS X 10_14_5) AppleWebKit/537.36 (KHTML, like Gecko) Chrome/77.0.3865.120 Safari/537.36" "-"
172.18.0.1 - - [28/Oct/2019:18:44:26 +0000] "GET /wp-content/uploads/2019/10/accessories-768x768.jpg HTTP/1.1" 200 33512 "https://wordpress.local/" "Mozilla/5.0 (Macintosh; Intel Mac OS X 10_14_5) AppleWebKit/537.36 (KHTML, like Gecko) Chrome/77.0.3865.120 Safari/537.36" "-"
172.18.0.1 - - [28/Oct/2019:18:44:26 +0000] "GET /wp-content/uploads/2019/10/hoodies-768x768.jpg HTTP/1.1" 200 60787 "https://wordpress.local/" "Mozilla/5.0 (Macintosh; Intel Mac OS X 10_14_5) AppleWebKit/537.36 (KHTML, like Gecko) Chrome/77.0.3865.120 Safari/537.36" "-"
172.18.0.1 - - [28/Oct/2019:18:44:26 +0000] "GET /wp-content/uploads/2019/10/tshirts-768x768.jpg HTTP/1.1" 200 50348 "https://wordpress.local/" "Mozilla/5.0 (Macintosh; Intel Mac OS X 10_14_5) AppleWebKit/537.36 (KHTML, like Gecko) Chrome/77.0.3865.120 Safari/537.36" "-"
172.18.0.1 - - [28/Oct/2019:18:44:26 +0000] "GET /wp-content/uploads/2019/10/vneck-tee-768x767.jpg HTTP/1.1" 200 29482 "https://wordpress.local/" "Mozilla/5.0 (Macintosh; Intel Mac OS X 10_14_5) AppleWebKit/537.36 (KHTML, like Gecko) Chrome/77.0.3865.120 Safari/537.36" "-"
172.18.0.1 - - [28/Oct/2019:18:44:26 +0000] "GET /wp-content/uploads/2019/10/hoodie-with-zipper-768x768.jpg HTTP/1.1" 200 33999 "https://wordpress.local/" "Mozilla/5.0 (Macintosh; Intel Mac OS X 10_14_5) AppleWebKit/537.36 (KHTML, like Gecko) Chrome/77.0.3865.120 Safari/537.36" "-"
172.18.0.1 - - [28/Oct/2019:18:44:26 +0000] "GET /wp-content/uploads/2019/10/hoodie-768x768.jpg HTTP/1.1" 200 29187 "https://wordpress.local/" "Mozilla/5.0 (Macintosh; Intel Mac OS X 10_14_5) AppleWebKit/537.36 (KHTML, like Gecko) Chrome/77.0.3865.120 Safari/537.36" "-"
172.18.0.1 - - [28/Oct/2019:18:44:26 +0000] "GET /wp-content/uploads/2019/10/tshirt-768x768.jpg HTTP/1.1" 200 26560 "https://wordpress.local/" "Mozilla/5.0 (Macintosh; Intel Mac OS X 10_14_5) AppleWebKit/537.36 (KHTML, like Gecko) Chrome/77.0.3865.120 Safari/537.36" "-"
172.18.0.1 - - [28/Oct/2019:18:44:26 +0000] "GET /wp-content/uploads/2019/10/sunglasses-768x768.jpg HTTP/1.1" 200 20730 "https://wordpress.local/" "Mozilla/5.0 (Macintosh; Intel Mac OS X 10_14_5) AppleWebKit/537.36 (KHTML, like Gecko) Chrome/77.0.3865.120 Safari/537.36" "-"
172.18.0.1 - - [28/Oct/2019:18:44:26 +0000] "GET /wp-content/uploads/2019/10/polo-768x767.jpg HTTP/1.1" 200 27765 "https://wordpress.local/" "Mozilla/5.0 (Macintosh; Intel Mac OS X 10_14_5) AppleWebKit/537.36 (KHTML, like Gecko) Chrome/77.0.3865.120 Safari/537.36" "-"
172.18.0.1 - - [28/Oct/2019:18:44:26 +0000] "GET /wp-content/uploads/2019/10/belt-768x768.jpg HTTP/1.1" 200 25688 "https://wordpress.local/" "Mozilla/5.0 (Macintosh; Intel Mac OS X 10_14_5) AppleWebKit/537.36 (KHTML, like Gecko) Chrome/77.0.3865.120 Safari/537.36" "-"
172.18.0.1 - - [28/Oct/2019:18:44:26 +0000] "GET /wp-content/uploads/2019/10/long-sleeve-tee-768x768.jpg HTTP/1.1" 200 29786 "https://wordpress.local/" "Mozilla/5.0 (Macintosh; Intel Mac OS X 10_14_5) AppleWebKit/537.36 (KHTML, like Gecko) Chrome/77.0.3865.120 Safari/537.36" "-"
172.18.0.1 - - [28/Oct/2019:18:44:26 +0000] "GET /wp-content/uploads/2019/10/hoodie-with-pocket-768x768.jpg HTTP/1.1" 200 28958 "https://wordpress.local/" "Mozilla/5.0 (Macintosh; Intel Mac OS X 10_14_5) AppleWebKit/537.36 (KHTML, like Gecko) Chrome/77.0.3865.120 Safari/537.36" "-"
172.18.0.1 - - [28/Oct/2019:18:44:26 +0000] "GET /wp-content/uploads/2019/10/cap-768x768.jpg HTTP/1.1" 200 25777 "https://wordpress.local/" "Mozilla/5.0 (Macintosh; Intel Mac OS X 10_14_5) AppleWebKit/537.36 (KHTML, like Gecko) Chrome/77.0.3865.120 Safari/537.36" "-"
172.18.0.1 - - [28/Oct/2019:18:44:26 +0000] "GET /wp-includes/js/wp-emoji-release.min.js?ver=5.2.4 HTTP/1.1" 200 5226 "https://wordpress.local/" "Mozilla/5.0 (Macintosh; Intel Mac OS X 10_14_5) AppleWebKit/537.36 (KHTML, like Gecko) Chrome/77.0.3865.120 Safari/537.36" "-"
172.18.0.1 - - [28/Oct/2019:18:44:32 +0000] "POST /?wc-ajax=add_to_cart HTTP/1.1" 200 2576 "https://wordpress.local/" "Mozilla/5.0 (Macintosh; Intel Mac OS X 10_14_5) AppleWebKit/537.36 (KHTML, like Gecko) Chrome/77.0.3865.120 Safari/537.36" "-"
172.18.0.1 - - [28/Oct/2019:18:44:33 +0000] "GET /cart/ HTTP/1.1" 200 30707 "https://wordpress.local/" "Mozilla/5.0 (Macintosh; Intel Mac OS X 10_14_5) AppleWebKit/537.36 (KHTML, like Gecko) Chrome/77.0.3865.120 Safari/537.36" "-"
172.18.0.1 - - [28/Oct/2019:18:44:33 +0000] "GET /wp-content/plugins/woocommerce/assets/js/frontend/cart.min.js?ver=3.7.1 HTTP/1.1" 200 2182 "https://wordpress.local/cart/" "Mozilla/5.0 (Macintosh; Intel Mac OS X 10_14_5) AppleWebKit/537.36 (KHTML, like Gecko) Chrome/77.0.3865.120 Safari/537.36" "-"
172.18.0.1 - - [28/Oct/2019:18:44:40 +0000] "GET /checkout/ HTTP/1.1" 200 47729 "https://wordpress.local/cart/" "Mozilla/5.0 (Macintosh; Intel Mac OS X 10_14_5) AppleWebKit/537.36 (KHTML, like Gecko) Chrome/77.0.3865.120 Safari/537.36" "-"
172.18.0.1 - - [28/Oct/2019:18:44:40 +0000] "GET /wp-content/plugins/woocommerce-mercadopago/assets/css/config_mercadopago.css?ver=5.2.4 HTTP/1.1" 200 1216 "https://wordpress.local/checkout/" "Mozilla/5.0 (Macintosh; Intel Mac OS X 10_14_5) AppleWebKit/537.36 (KHTML, like Gecko) Chrome/77.0.3865.120 Safari/537.36" "-"
172.18.0.1 - - [28/Oct/2019:18:44:40 +0000] "GET /wp-content/plugins/woocommerce-mercadopago/assets/images/mercadopago.png HTTP/1.1" 200 5345 "https://wordpress.local/checkout/" "Mozilla/5.0 (Macintosh; Intel Mac OS X 10_14_5) AppleWebKit/537.36 (KHTML, like Gecko) Chrome/77.0.3865.120 Safari/537.36" "-"
172.18.0.1 - - [28/Oct/2019:18:44:40 +0000] "GET /wp-content/plugins/woocommerce-mercadopago/assets/js/ticket.js HTTP/1.1" 200 5689 "https://wordpress.local/checkout/" "Mozilla/5.0 (Macintosh; Intel Mac OS X 10_14_5) AppleWebKit/537.36 (KHTML, like Gecko) Chrome/77.0.3865.120 Safari/537.36" "-"
172.18.0.1 - - [28/Oct/2019:18:44:40 +0000] "GET /wp-content/plugins/woocommerce-mercadopago/assets/css/basic_checkout_mercadopago.css?ver=5.2.4 HTTP/1.1" 200 2154 "https://wordpress.local/checkout/" "Mozilla/5.0 (Macintosh; Intel Mac OS X 10_14_5) AppleWebKit/537.36 (KHTML, like Gecko) Chrome/77.0.3865.120 Safari/537.36" "-"
172.18.0.1 - - [28/Oct/2019:18:44:40 +0000] "GET /wp-content/plugins/woocommerce/assets/js/frontend/checkout.min.js?ver=3.7.1 HTTP/1.1" 200 4097 "https://wordpress.local/checkout/" "Mozilla/5.0 (Macintosh; Intel Mac OS X 10_14_5) AppleWebKit/537.36 (KHTML, like Gecko) Chrome/77.0.3865.120 Safari/537.36" "-"
172.18.0.1 - - [28/Oct/2019:18:44:40 +0000] "GET /wp-includes/js/wp-emoji-release.min.js?ver=5.2.4 HTTP/1.1" 200 5226 "https://wordpress.local/checkout/" "Mozilla/5.0 (Macintosh; Intel Mac OS X 10_14_5) AppleWebKit/537.36 (KHTML, like Gecko) Chrome/77.0.3865.120 Safari/537.36" "-"
172.18.0.6 - - [28/Oct/2019:18:44:41 +0000] "POST /wp-cron.php?doing_wp_cron=1572288281.1342399120330810546875 HTTP/1.1" 200 31 "https://wordpress.local/wp-cron.php?doing_wp_cron=1572288281.1342399120330810546875" "WordPress/5.2.4; https://wordpress.local" "-"
172.18.0.1 - - [28/Oct/2019:18:44:45 +0000] "POST /?wc-ajax=update_order_review HTTP/1.1" 200 76149 "https://wordpress.local/checkout/" "Mozilla/5.0 (Macintosh; Intel Mac OS X 10_14_5) AppleWebKit/537.36 (KHTML, like Gecko) Chrome/77.0.3865.120 Safari/537.36" "-"
172.18.0.1 - - [28/Oct/2019:18:44:45 +0000] "GET /wp-content/plugins/woocommerce-mercadopago/assets/js/ticket.js HTTP/1.1" 200 5689 "https://wordpress.local/checkout/" "Mozilla/5.0 (Macintosh; Intel Mac OS X 10_14_5) AppleWebKit/537.36 (KHTML, like Gecko) Chrome/77.0.3865.120 Safari/537.36" "-"
172.18.0.1 - - [28/Oct/2019:18:44:52 +0000] "POST /wp-admin/admin-ajax.php HTTP/1.1" 200 58 "https://wordpress.local/wp-admin/admin.php?page=wc-settings&tab=checkout&section=woo-mercado-pago-ticket" "Mozilla/5.0 (Macintosh; Intel Mac OS X 10_14_5) AppleWebKit/537.36 (KHTML, like Gecko) Chrome/77.0.3865.120 Safari/537.36" "-"
172.18.0.1 - - [28/Oct/2019:18:44:55 +0000] "POST /wp-admin/admin-ajax.php HTTP/1.1" 200 58 "https://wordpress.local/wp-admin/admin.php?page=wc-settings&tab=checkout&section=woo-mercado-pago-custom" "Mozilla/5.0 (Macintosh; Intel Mac OS X 10_14_5) AppleWebKit/537.36 (KHTML, like Gecko) Chrome/77.0.3865.120 Safari/537.36" "-"
172.18.0.1 - - [28/Oct/2019:18:45:43 +0000] "POST /?wc-ajax=checkout HTTP/1.1" 500 60 "https://wordpress.local/checkout/" "Mozilla/5.0 (Macintosh; Intel Mac OS X 10_14_5) AppleWebKit/537.36 (KHTML, like Gecko) Chrome/77.0.3865.120 Safari/537.36" "-"
172.18.0.6 - - [28/Oct/2019:18:46:19 +0000] "POST /wp-cron.php?doing_wp_cron=1572288378.7959859371185302734375 HTTP/1.1" 200 31 "https://wordpress.local/wp-cron.php?doing_wp_cron=1572288378.7959859371185302734375" "WordPress/5.2.4; https://wordpress.local" "-"
172.18.0.1 - - [28/Oct/2019:18:46:38 +0000] "POST /?wc-ajax=checkout HTTP/1.1" 500 60 "https://wordpress.local/checkout/" "Mozilla/5.0 (Macintosh; Intel Mac OS X 10_14_5) AppleWebKit/537.36 (KHTML, like Gecko) Chrome/77.0.3865.120 Safari/537.36" "-"
172.18.0.1 - - [28/Oct/2019:18:46:52 +0000] "POST /wp-admin/admin-ajax.php HTTP/1.1" 200 58 "https://wordpress.local/wp-admin/admin.php?page=wc-settings&tab=checkout&section=woo-mercado-pago-ticket" "Mozilla/5.0 (Macintosh; Intel Mac OS X 10_14_5) AppleWebKit/537.36 (KHTML, like Gecko) Chrome/77.0.3865.120 Safari/537.36" "-"
172.18.0.1 - - [28/Oct/2019:18:46:55 +0000] "POST /wp-admin/admin-ajax.php HTTP/1.1" 200 58 "https://wordpress.local/wp-admin/admin.php?page=wc-settings&tab=checkout&section=woo-mercado-pago-custom" "Mozilla/5.0 (Macintosh; Intel Mac OS X 10_14_5) AppleWebKit/537.36 (KHTML, like Gecko) Chrome/77.0.3865.120 Safari/537.36" "-"
172.18.0.6 - - [28/Oct/2019:18:47:39 +0000] "POST /wp-cron.php?doing_wp_cron=1572288459.1715888977050781250000 HTTP/1.1" 200 31 "https://wordpress.local/wp-cron.php?doing_wp_cron=1572288459.1715888977050781250000" "WordPress/5.2.4; https://wordpress.local" "-"
172.18.0.1 - - [28/Oct/2019:18:47:50 +0000] "POST /?wc-ajax=checkout HTTP/1.1" 500 419 "https://wordpress.local/checkout/" "Mozilla/5.0 (Macintosh; Intel Mac OS X 10_14_5) AppleWebKit/537.36 (KHTML, like Gecko) Chrome/77.0.3865.120 Safari/537.36" "-"
172.18.0.1 - - [28/Oct/2019:18:48:12 +0000] "POST /?wc-ajax=checkout HTTP/1.1" 200 419 "https://wordpress.local/checkout/" "Mozilla/5.0 (Macintosh; Intel Mac OS X 10_14_5) AppleWebKit/537.36 (KHTML, like Gecko) Chrome/77.0.3865.120 Safari/537.36" "-"
172.18.0.6 - - [28/Oct/2019:18:48:18 +0000] "POST /wp-cron.php?doing_wp_cron=1572288498.2945001125335693359375 HTTP/1.1" 200 31 "https://wordpress.local/wp-cron.php?doing_wp_cron=1572288498.2945001125335693359375" "WordPress/5.2.4; https://wordpress.local" "-"
172.18.0.1 - - [28/Oct/2019:18:48:22 +0000] "GET /checkout/ HTTP/1.1" 200 47729 "https://wordpress.local/cart/" "Mozilla/5.0 (Macintosh; Intel Mac OS X 10_14_5) AppleWebKit/537.36 (KHTML, like Gecko) Chrome/77.0.3865.120 Safari/537.36" "-"
172.18.0.1 - - [28/Oct/2019:18:48:22 +0000] "GET /wp-content/plugins/woocommerce-mercadopago/assets/css/config_mercadopago.css?ver=5.2.4 HTTP/1.1" 200 1216 "https://wordpress.local/checkout/" "Mozilla/5.0 (Macintosh; Intel Mac OS X 10_14_5) AppleWebKit/537.36 (KHTML, like Gecko) Chrome/77.0.3865.120 Safari/537.36" "-"
172.18.0.1 - - [28/Oct/2019:18:48:22 +0000] "GET /wp-includes/js/wp-emoji-release.min.js?ver=5.2.4 HTTP/1.1" 200 5226 "https://wordpress.local/checkout/" "Mozilla/5.0 (Macintosh; Intel Mac OS X 10_14_5) AppleWebKit/537.36 (KHTML, like Gecko) Chrome/77.0.3865.120 Safari/537.36" "-"
172.18.0.1 - - [28/Oct/2019:18:48:22 +0000] "GET /wp-content/plugins/woocommerce-mercadopago/assets/js/ticket.js HTTP/1.1" 200 5689 "https://wordpress.local/checkout/" "Mozilla/5.0 (Macintosh; Intel Mac OS X 10_14_5) AppleWebKit/537.36 (KHTML, like Gecko) Chrome/77.0.3865.120 Safari/537.36" "-"
172.18.0.1 - - [28/Oct/2019:18:48:22 +0000] "GET /wp-content/plugins/woocommerce-mercadopago/assets/css/basic_checkout_mercadopago.css?ver=5.2.4 HTTP/1.1" 200 2154 "https://wordpress.local/checkout/" "Mozilla/5.0 (Macintosh; Intel Mac OS X 10_14_5) AppleWebKit/537.36 (KHTML, like Gecko) Chrome/77.0.3865.120 Safari/537.36" "-"
172.18.0.1 - - [28/Oct/2019:18:48:29 +0000] "POST /?wc-ajax=update_order_review HTTP/1.1" 200 76149 "https://wordpress.local/checkout/" "Mozilla/5.0 (Macintosh; Intel Mac OS X 10_14_5) AppleWebKit/537.36 (KHTML, like Gecko) Chrome/77.0.3865.120 Safari/537.36" "-"
172.18.0.1 - - [28/Oct/2019:18:48:29 +0000] "GET /wp-content/plugins/woocommerce-mercadopago/assets/js/ticket.js HTTP/1.1" 200 5689 "https://wordpress.local/checkout/" "Mozilla/5.0 (Macintosh; Intel Mac OS X 10_14_5) AppleWebKit/537.36 (KHTML, like Gecko) Chrome/77.0.3865.120 Safari/537.36" "-"
172.18.0.1 - - [28/Oct/2019:18:48:56 +0000] "POST /wp-admin/admin-ajax.php HTTP/1.1" 200 58 "https://wordpress.local/wp-admin/admin.php?page=wc-settings&tab=checkout&section=woo-mercado-pago-ticket" "Mozilla/5.0 (Macintosh; Intel Mac OS X 10_14_5) AppleWebKit/537.36 (KHTML, like Gecko) Chrome/77.0.3865.120 Safari/537.36" "-"
172.18.0.1 - - [28/Oct/2019:18:48:58 +0000] "POST /wp-admin/admin-ajax.php HTTP/1.1" 200 58 "https://wordpress.local/wp-admin/admin.php?page=wc-settings&tab=checkout&section=woo-mercado-pago-custom" "Mozilla/5.0 (Macintosh; Intel Mac OS X 10_14_5) AppleWebKit/537.36 (KHTML, like Gecko) Chrome/77.0.3865.120 Safari/537.36" "-"
172.18.0.1 - - [28/Oct/2019:18:49:03 +0000] "POST /?wc-ajax=checkout HTTP/1.1" 200 419 "https://wordpress.local/checkout/" "Mozilla/5.0 (Macintosh; Intel Mac OS X 10_14_5) AppleWebKit/537.36 (KHTML, like Gecko) Chrome/77.0.3865.120 Safari/537.36" "-"
172.18.0.6 - - [28/Oct/2019:18:49:35 +0000] "POST /wp-cron.php?doing_wp_cron=1572288574.7831211090087890625000 HTTP/1.1" 200 31 "https://wordpress.local/wp-cron.php?doing_wp_cron=1572288574.7831211090087890625000" "WordPress/5.2.4; https://wordpress.local" "-"
172.18.0.1 - - [28/Oct/2019:18:49:38 +0000] "POST /?wc-ajax=checkout HTTP/1.1" 200 130 "https://wordpress.local/checkout/" "Mozilla/5.0 (Macintosh; Intel Mac OS X 10_14_5) AppleWebKit/537.36 (KHTML, like Gecko) Chrome/77.0.3865.120 Safari/537.36" "-"
172.18.0.1 - - [28/Oct/2019:18:49:40 +0000] "GET /checkout/order-received/209/?key=wc_order_9ZHBjS61NBIjQ HTTP/1.1" 200 27286 "https://wordpress.local/checkout/" "Mozilla/5.0 (Macintosh; Intel Mac OS X 10_14_5) AppleWebKit/537.36 (KHTML, like Gecko) Chrome/77.0.3865.120 Safari/537.36" "-"
172.18.0.1 - - [28/Oct/2019:18:49:40 +0000] "GET /wp-content/plugins/woocommerce-mercadopago/assets/css/config_mercadopago.css?ver=5.2.4 HTTP/1.1" 200 1216 "https://wordpress.local/checkout/order-received/209/?key=wc_order_9ZHBjS61NBIjQ" "Mozilla/5.0 (Macintosh; Intel Mac OS X 10_14_5) AppleWebKit/537.36 (KHTML, like Gecko) Chrome/77.0.3865.120 Safari/537.36" "-"
172.18.0.1 - - [28/Oct/2019:18:49:40 +0000] "GET /wp-includes/js/wp-emoji-release.min.js?ver=5.2.4 HTTP/1.1" 200 5226 "https://wordpress.local/checkout/order-received/209/?key=wc_order_9ZHBjS61NBIjQ" "Mozilla/5.0 (Macintosh; Intel Mac OS X 10_14_5) AppleWebKit/537.36 (KHTML, like Gecko) Chrome/77.0.3865.120 Safari/537.36" "-"
172.18.0.1 - - [28/Oct/2019:18:49:41 +0000] "POST /?wc-ajax=get_refreshed_fragments HTTP/1.1" 200 744 "https://wordpress.local/checkout/order-received/209/?key=wc_order_9ZHBjS61NBIjQ" "Mozilla/5.0 (Macintosh; Intel Mac OS X 10_14_5) AppleWebKit/537.36 (KHTML, like Gecko) Chrome/77.0.3865.120 Safari/537.36" "-"
172.18.0.6 - - [28/Oct/2019:18:50:58 +0000] "POST /wp-cron.php?doing_wp_cron=1572288657.9583740234375000000000 HTTP/1.1" 200 31 "https://wordpress.local/wp-cron.php?doing_wp_cron=1572288657.9583740234375000000000" "WordPress/5.2.4; https://wordpress.local" "-"
172.18.0.1 - - [28/Oct/2019:18:50:58 +0000] "POST /wp-admin/admin-ajax.php HTTP/1.1" 200 58 "https://wordpress.local/wp-admin/admin.php?page=wc-settings&tab=checkout&section=woo-mercado-pago-ticket" "Mozilla/5.0 (Macintosh; Intel Mac OS X 10_14_5) AppleWebKit/537.36 (KHTML, like Gecko) Chrome/77.0.3865.120 Safari/537.36" "-"
172.18.0.1 - - [28/Oct/2019:18:50:59 +0000] "POST /wp-admin/admin-ajax.php HTTP/1.1" 200 58 "https://wordpress.local/wp-admin/admin.php?page=wc-settings&tab=checkout&section=woo-mercado-pago-custom" "Mozilla/5.0 (Macintosh; Intel Mac OS X 10_14_5) AppleWebKit/537.36 (KHTML, like Gecko) Chrome/77.0.3865.120 Safari/537.36" "-"
172.18.0.6 - - [28/Oct/2019:18:58:16 +0000] "POST /wp-cron.php?doing_wp_cron=1572289095.5959000587463378906250 HTTP/1.1" 200 31 "https://wordpress.local/wp-cron.php?doing_wp_cron=1572289095.5959000587463378906250" "WordPress/5.2.4; https://wordpress.local" "-"
172.18.0.1 - - [28/Oct/2019:18:58:16 +0000] "POST /wp-admin/admin-ajax.php HTTP/1.1" 200 58 "https://wordpress.local/wp-admin/admin.php?page=wc-settings&tab=checkout&section=woo-mercado-pago-custom" "Mozilla/5.0 (Macintosh; Intel Mac OS X 10_14_5) AppleWebKit/537.36 (KHTML, like Gecko) Chrome/77.0.3865.120 Safari/537.36" "-"
172.18.0.6 - - [28/Oct/2019:18:58:21 +0000] "POST /wp-cron.php?doing_wp_cron=1572289100.7387111186981201171875 HTTP/1.1" 200 31 "https://wordpress.local/wp-cron.php?doing_wp_cron=1572289100.7387111186981201171875" "WordPress/5.2.4; https://wordpress.local" "-"
172.18.0.1 - - [28/Oct/2019:18:58:21 +0000] "GET / HTTP/1.1" 200 12277 "-" "Mozilla/5.0 (Macintosh; Intel Mac OS X 10_14_5) AppleWebKit/537.36 (KHTML, like Gecko) Chrome/77.0.3865.120 Safari/537.36" "-"
172.18.0.1 - - [28/Oct/2019:18:58:21 +0000] "GET /wp-includes/css/dashicons.min.css?ver=5.2.4 HTTP/1.1" 200 29818 "https://wordpress.local/" "Mozilla/5.0 (Macintosh; Intel Mac OS X 10_14_5) AppleWebKit/537.36 (KHTML, like Gecko) Chrome/77.0.3865.120 Safari/537.36" "-"
172.18.0.1 - - [28/Oct/2019:18:58:21 +0000] "GET /wp-content/themes/storefront/assets/css/base/icons.css?ver=2.5.3 HTTP/1.1" 200 19006 "https://wordpress.local/" "Mozilla/5.0 (Macintosh; Intel Mac OS X 10_14_5) AppleWebKit/537.36 (KHTML, like Gecko) Chrome/77.0.3865.120 Safari/537.36" "-"
172.18.0.1 - - [28/Oct/2019:18:58:21 +0000] "GET /wp-includes/css/dist/block-library/theme.min.css?ver=5.2.4 HTTP/1.1" 200 610 "https://wordpress.local/" "Mozilla/5.0 (Macintosh; Intel Mac OS X 10_14_5) AppleWebKit/537.36 (KHTML, like Gecko) Chrome/77.0.3865.120 Safari/537.36" "-"
172.18.0.1 - - [28/Oct/2019:18:58:21 +0000] "GET /wp-content/plugins/woocommerce/packages/woocommerce-blocks/build/style.css?ver=2.3.0 HTTP/1.1" 200 2680 "https://wordpress.local/" "Mozilla/5.0 (Macintosh; Intel Mac OS X 10_14_5) AppleWebKit/537.36 (KHTML, like Gecko) Chrome/77.0.3865.120 Safari/537.36" "-"
172.18.0.1 - - [28/Oct/2019:18:58:21 +0000] "GET /wp-content/themes/storefront/assets/css/base/gutenberg-blocks.css?ver=2.5.3 HTTP/1.1" 200 5062 "https://wordpress.local/" "Mozilla/5.0 (Macintosh; Intel Mac OS X 10_14_5) AppleWebKit/537.36 (KHTML, like Gecko) Chrome/77.0.3865.120 Safari/537.36" "-"
172.18.0.1 - - [28/Oct/2019:18:58:21 +0000] "GET /wp-content/themes/storefront/assets/css/woocommerce/woocommerce.css?ver=2.5.3 HTTP/1.1" 200 14277 "https://wordpress.local/" "Mozilla/5.0 (Macintosh; Intel Mac OS X 10_14_5) AppleWebKit/537.36 (KHTML, like Gecko) Chrome/77.0.3865.120 Safari/537.36" "-"
172.18.0.1 - - [28/Oct/2019:18:58:21 +0000] "GET /wp-includes/css/admin-bar.min.css?ver=5.2.4 HTTP/1.1" 200 4974 "https://wordpress.local/" "Mozilla/5.0 (Macintosh; Intel Mac OS X 10_14_5) AppleWebKit/537.36 (KHTML, like Gecko) Chrome/77.0.3865.120 Safari/537.36" "-"
172.18.0.1 - - [28/Oct/2019:18:58:21 +0000] "GET /wp-includes/css/dist/block-library/style.min.css?ver=5.2.4 HTTP/1.1" 200 5904 "https://wordpress.local/" "Mozilla/5.0 (Macintosh; Intel Mac OS X 10_14_5) AppleWebKit/537.36 (KHTML, like Gecko) Chrome/77.0.3865.120 Safari/537.36" "-"
172.18.0.1 - - [28/Oct/2019:18:58:21 +0000] "GET /wp-content/themes/storefront/style.css?ver=2.5.3 HTTP/1.1" 200 15077 "https://wordpress.local/" "Mozilla/5.0 (Macintosh; Intel Mac OS X 10_14_5) AppleWebKit/537.36 (KHTML, like Gecko) Chrome/77.0.3865.120 Safari/537.36" "-"
172.18.0.1 - - [28/Oct/2019:18:58:21 +0000] "GET /wp-includes/js/jquery/jquery.js?ver=1.12.4-wp HTTP/1.1" 200 39412 "https://wordpress.local/" "Mozilla/5.0 (Macintosh; Intel Mac OS X 10_14_5) AppleWebKit/537.36 (KHTML, like Gecko) Chrome/77.0.3865.120 Safari/537.36" "-"
172.18.0.1 - - [28/Oct/2019:18:58:21 +0000] "GET /wp-content/uploads/2019/10/accessories-768x768.jpg HTTP/1.1" 200 33512 "https://wordpress.local/" "Mozilla/5.0 (Macintosh; Intel Mac OS X 10_14_5) AppleWebKit/537.36 (KHTML, like Gecko) Chrome/77.0.3865.120 Safari/537.36" "-"
172.18.0.1 - - [28/Oct/2019:18:58:21 +0000] "GET /wp-content/uploads/2019/10/hoodies-768x768.jpg HTTP/1.1" 200 60787 "https://wordpress.local/" "Mozilla/5.0 (Macintosh; Intel Mac OS X 10_14_5) AppleWebKit/537.36 (KHTML, like Gecko) Chrome/77.0.3865.120 Safari/537.36" "-"
172.18.0.1 - - [28/Oct/2019:18:58:21 +0000] "GET /wp-includes/js/jquery/jquery-migrate.min.js?ver=1.4.1 HTTP/1.1" 200 4319 "https://wordpress.local/" "Mozilla/5.0 (Macintosh; Intel Mac OS X 10_14_5) AppleWebKit/537.36 (KHTML, like Gecko) Chrome/77.0.3865.120 Safari/537.36" "-"
172.18.0.1 - - [28/Oct/2019:18:58:22 +0000] "GET /wp-includes/js/admin-bar.min.js?ver=5.2.4 HTTP/1.1" 200 2691 "https://wordpress.local/" "Mozilla/5.0 (Macintosh; Intel Mac OS X 10_14_5) AppleWebKit/537.36 (KHTML, like Gecko) Chrome/77.0.3865.120 Safari/537.36" "-"
172.18.0.1 - - [28/Oct/2019:18:58:22 +0000] "GET /wp-content/plugins/woocommerce/assets/js/jquery-blockui/jquery.blockUI.min.js?ver=2.70 HTTP/1.1" 200 3829 "https://wordpress.local/" "Mozilla/5.0 (Macintosh; Intel Mac OS X 10_14_5) AppleWebKit/537.36 (KHTML, like Gecko) Chrome/77.0.3865.120 Safari/537.36" "-"
172.18.0.1 - - [28/Oct/2019:18:58:22 +0000] "GET /wp-content/plugins/woocommerce/assets/js/js-cookie/js.cookie.min.js?ver=2.1.4 HTTP/1.1" 200 1017 "https://wordpress.local/" "Mozilla/5.0 (Macintosh; Intel Mac OS X 10_14_5) AppleWebKit/537.36 (KHTML, like Gecko) Chrome/77.0.3865.120 Safari/537.36" "-"
172.18.0.1 - - [28/Oct/2019:18:58:22 +0000] "GET /wp-content/plugins/woocommerce/assets/js/frontend/woocommerce.min.js?ver=3.7.1 HTTP/1.1" 200 657 "https://wordpress.local/" "Mozilla/5.0 (Macintosh; Intel Mac OS X 10_14_5) AppleWebKit/537.36 (KHTML, like Gecko) Chrome/77.0.3865.120 Safari/537.36" "-"
172.18.0.1 - - [28/Oct/2019:18:58:22 +0000] "GET /wp-content/plugins/woocommerce/assets/js/frontend/add-to-cart.min.js?ver=3.7.1 HTTP/1.1" 200 1106 "https://wordpress.local/" "Mozilla/5.0 (Macintosh; Intel Mac OS X 10_14_5) AppleWebKit/537.36 (KHTML, like Gecko) Chrome/77.0.3865.120 Safari/537.36" "-"
172.18.0.1 - - [28/Oct/2019:18:58:22 +0000] "GET /wp-content/themes/storefront/assets/js/navigation.min.js?ver=2.5.3 HTTP/1.1" 200 1044 "https://wordpress.local/" "Mozilla/5.0 (Macintosh; Intel Mac OS X 10_14_5) AppleWebKit/537.36 (KHTML, like Gecko) Chrome/77.0.3865.120 Safari/537.36" "-"
172.18.0.1 - - [28/Oct/2019:18:58:22 +0000] "GET /wp-content/themes/storefront/assets/js/skip-link-focus-fix.min.js?ver=20130115 HTTP/1.1" 200 447 "https://wordpress.local/" "Mozilla/5.0 (Macintosh; Intel Mac OS X 10_14_5) AppleWebKit/537.36 (KHTML, like Gecko) Chrome/77.0.3865.120 Safari/537.36" "-"
172.18.0.1 - - [28/Oct/2019:18:58:22 +0000] "GET /wp-content/plugins/woocommerce/assets/js/frontend/cart-fragments.min.js?ver=3.7.1 HTTP/1.1" 200 1118 "https://wordpress.local/" "Mozilla/5.0 (Macintosh; Intel Mac OS X 10_14_5) AppleWebKit/537.36 (KHTML, like Gecko) Chrome/77.0.3865.120 Safari/537.36" "-"
172.18.0.1 - - [28/Oct/2019:18:58:22 +0000] "GET /wp-content/themes/storefront/assets/js/vendor/pep.min.js?ver=0.4.3 HTTP/1.1" 200 6271 "https://wordpress.local/" "Mozilla/5.0 (Macintosh; Intel Mac OS X 10_14_5) AppleWebKit/537.36 (KHTML, like Gecko) Chrome/77.0.3865.120 Safari/537.36" "-"
172.18.0.1 - - [28/Oct/2019:18:58:22 +0000] "GET /wp-content/themes/storefront/assets/js/woocommerce/header-cart.min.js?ver=2.5.3 HTTP/1.1" 200 531 "https://wordpress.local/" "Mozilla/5.0 (Macintosh; Intel Mac OS X 10_14_5) AppleWebKit/537.36 (KHTML, like Gecko) Chrome/77.0.3865.120 Safari/537.36" "-"
172.18.0.1 - - [28/Oct/2019:18:58:22 +0000] "GET /wp-content/themes/storefront/assets/js/footer.min.js?ver=2.5.3 HTTP/1.1" 200 746 "https://wordpress.local/" "Mozilla/5.0 (Macintosh; Intel Mac OS X 10_14_5) AppleWebKit/537.36 (KHTML, like Gecko) Chrome/77.0.3865.120 Safari/537.36" "-"
172.18.0.1 - - [28/Oct/2019:18:58:22 +0000] "GET /wp-content/uploads/2019/10/tshirt-768x768.jpg HTTP/1.1" 200 26560 "https://wordpress.local/" "Mozilla/5.0 (Macintosh; Intel Mac OS X 10_14_5) AppleWebKit/537.36 (KHTML, like Gecko) Chrome/77.0.3865.120 Safari/537.36" "-"
172.18.0.1 - - [28/Oct/2019:18:58:22 +0000] "GET /wp-content/uploads/2019/10/tshirts-768x768.jpg HTTP/1.1" 200 50348 "https://wordpress.local/" "Mozilla/5.0 (Macintosh; Intel Mac OS X 10_14_5) AppleWebKit/537.36 (KHTML, like Gecko) Chrome/77.0.3865.120 Safari/537.36" "-"
172.18.0.1 - - [28/Oct/2019:18:58:22 +0000] "GET /wp-includes/js/wp-embed.min.js?ver=5.2.4 HTTP/1.1" 200 779 "https://wordpress.local/" "Mozilla/5.0 (Macintosh; Intel Mac OS X 10_14_5) AppleWebKit/537.36 (KHTML, like Gecko) Chrome/77.0.3865.120 Safari/537.36" "-"
172.18.0.1 - - [28/Oct/2019:18:58:22 +0000] "GET /wp-content/uploads/2019/10/long-sleeve-tee-768x768.jpg HTTP/1.1" 200 29786 "https://wordpress.local/" "Mozilla/5.0 (Macintosh; Intel Mac OS X 10_14_5) AppleWebKit/537.36 (KHTML, like Gecko) Chrome/77.0.3865.120 Safari/537.36" "-"
172.18.0.1 - - [28/Oct/2019:18:58:22 +0000] "GET /wp-content/uploads/2019/10/vneck-tee-768x767.jpg HTTP/1.1" 200 29482 "https://wordpress.local/" "Mozilla/5.0 (Macintosh; Intel Mac OS X 10_14_5) AppleWebKit/537.36 (KHTML, like Gecko) Chrome/77.0.3865.120 Safari/537.36" "-"
172.18.0.1 - - [28/Oct/2019:18:58:22 +0000] "GET /wp-content/uploads/2019/10/polo-768x767.jpg HTTP/1.1" 200 27765 "https://wordpress.local/" "Mozilla/5.0 (Macintosh; Intel Mac OS X 10_14_5) AppleWebKit/537.36 (KHTML, like Gecko) Chrome/77.0.3865.120 Safari/537.36" "-"
172.18.0.1 - - [28/Oct/2019:18:58:22 +0000] "GET /wp-content/uploads/2019/10/hoodie-with-zipper-768x768.jpg HTTP/1.1" 200 33999 "https://wordpress.local/" "Mozilla/5.0 (Macintosh; Intel Mac OS X 10_14_5) AppleWebKit/537.36 (KHTML, like Gecko) Chrome/77.0.3865.120 Safari/537.36" "-"
172.18.0.1 - - [28/Oct/2019:18:58:22 +0000] "GET /wp-content/uploads/2019/10/hoodie-768x768.jpg HTTP/1.1" 200 29187 "https://wordpress.local/" "Mozilla/5.0 (Macintosh; Intel Mac OS X 10_14_5) AppleWebKit/537.36 (KHTML, like Gecko) Chrome/77.0.3865.120 Safari/537.36" "-"
172.18.0.1 - - [28/Oct/2019:18:58:22 +0000] "GET /wp-content/uploads/2019/10/hoodie-with-pocket-768x768.jpg HTTP/1.1" 200 28958 "https://wordpress.local/" "Mozilla/5.0 (Macintosh; Intel Mac OS X 10_14_5) AppleWebKit/537.36 (KHTML, like Gecko) Chrome/77.0.3865.120 Safari/537.36" "-"
172.18.0.1 - - [28/Oct/2019:18:58:22 +0000] "GET /wp-content/uploads/2019/10/cap-768x768.jpg HTTP/1.1" 200 25777 "https://wordpress.local/" "Mozilla/5.0 (Macintosh; Intel Mac OS X 10_14_5) AppleWebKit/537.36 (KHTML, like Gecko) Chrome/77.0.3865.120 Safari/537.36" "-"
172.18.0.1 - - [28/Oct/2019:18:58:22 +0000] "GET /wp-content/uploads/2019/10/sunglasses-768x768.jpg HTTP/1.1" 200 20730 "https://wordpress.local/" "Mozilla/5.0 (Macintosh; Intel Mac OS X 10_14_5) AppleWebKit/537.36 (KHTML, like Gecko) Chrome/77.0.3865.120 Safari/537.36" "-"
172.18.0.1 - - [28/Oct/2019:18:58:22 +0000] "GET /wp-content/uploads/2019/10/belt-768x768.jpg HTTP/1.1" 200 25688 "https://wordpress.local/" "Mozilla/5.0 (Macintosh; Intel Mac OS X 10_14_5) AppleWebKit/537.36 (KHTML, like Gecko) Chrome/77.0.3865.120 Safari/537.36" "-"
172.18.0.1 - - [28/Oct/2019:18:58:22 +0000] "GET /wp-includes/js/wp-emoji-release.min.js?ver=5.2.4 HTTP/1.1" 200 5226 "https://wordpress.local/" "Mozilla/5.0 (Macintosh; Intel Mac OS X 10_14_5) AppleWebKit/537.36 (KHTML, like Gecko) Chrome/77.0.3865.120 Safari/537.36" "-"
172.18.0.1 - - [28/Oct/2019:18:58:22 +0000] "GET /wp-content/themes/storefront/assets/fonts/fa-solid-900.woff2 HTTP/1.1" 200 74256 "https://wordpress.local/wp-content/themes/storefront/assets/css/base/icons.css?ver=2.5.3" "Mozilla/5.0 (Macintosh; Intel Mac OS X 10_14_5) AppleWebKit/537.36 (KHTML, like Gecko) Chrome/77.0.3865.120 Safari/537.36" "-"
172.18.0.1 - - [28/Oct/2019:18:58:29 +0000] "POST /?wc-ajax=add_to_cart HTTP/1.1" 200 2576 "https://wordpress.local/" "Mozilla/5.0 (Macintosh; Intel Mac OS X 10_14_5) AppleWebKit/537.36 (KHTML, like Gecko) Chrome/77.0.3865.120 Safari/537.36" "-"
172.18.0.1 - - [28/Oct/2019:18:58:32 +0000] "GET /cart/ HTTP/1.1" 200 30705 "https://wordpress.local/" "Mozilla/5.0 (Macintosh; Intel Mac OS X 10_14_5) AppleWebKit/537.36 (KHTML, like Gecko) Chrome/77.0.3865.120 Safari/537.36" "-"
172.18.0.1 - - [28/Oct/2019:18:58:32 +0000] "GET /wp-includes/css/dashicons.min.css?ver=5.2.4 HTTP/1.1" 200 29818 "https://wordpress.local/cart/" "Mozilla/5.0 (Macintosh; Intel Mac OS X 10_14_5) AppleWebKit/537.36 (KHTML, like Gecko) Chrome/77.0.3865.120 Safari/537.36" "-"
172.18.0.1 - - [28/Oct/2019:18:58:32 +0000] "GET /wp-includes/css/admin-bar.min.css?ver=5.2.4 HTTP/1.1" 200 4974 "https://wordpress.local/cart/" "Mozilla/5.0 (Macintosh; Intel Mac OS X 10_14_5) AppleWebKit/537.36 (KHTML, like Gecko) Chrome/77.0.3865.120 Safari/537.36" "-"
172.18.0.1 - - [28/Oct/2019:18:58:32 +0000] "GET /wp-includes/css/dist/block-library/style.min.css?ver=5.2.4 HTTP/1.1" 200 5904 "https://wordpress.local/cart/" "Mozilla/5.0 (Macintosh; Intel Mac OS X 10_14_5) AppleWebKit/537.36 (KHTML, like Gecko) Chrome/77.0.3865.120 Safari/537.36" "-"
172.18.0.1 - - [28/Oct/2019:18:58:32 +0000] "GET /wp-includes/css/dist/block-library/theme.min.css?ver=5.2.4 HTTP/1.1" 200 610 "https://wordpress.local/cart/" "Mozilla/5.0 (Macintosh; Intel Mac OS X 10_14_5) AppleWebKit/537.36 (KHTML, like Gecko) Chrome/77.0.3865.120 Safari/537.36" "-"
172.18.0.1 - - [28/Oct/2019:18:58:32 +0000] "GET /wp-content/plugins/woocommerce/assets/css/select2.css?ver=3.7.1 HTTP/1.1" 200 2505 "https://wordpress.local/cart/" "Mozilla/5.0 (Macintosh; Intel Mac OS X 10_14_5) AppleWebKit/537.36 (KHTML, like Gecko) Chrome/77.0.3865.120 Safari/537.36" "-"
172.18.0.1 - - [28/Oct/2019:18:58:32 +0000] "GET /wp-content/plugins/woocommerce/packages/woocommerce-blocks/build/style.css?ver=2.3.0 HTTP/1.1" 200 2680 "https://wordpress.local/cart/" "Mozilla/5.0 (Macintosh; Intel Mac OS X 10_14_5) AppleWebKit/537.36 (KHTML, like Gecko) Chrome/77.0.3865.120 Safari/537.36" "-"
172.18.0.1 - - [28/Oct/2019:18:58:32 +0000] "GET /wp-content/themes/storefront/assets/css/base/gutenberg-blocks.css?ver=2.5.3 HTTP/1.1" 200 5062 "https://wordpress.local/cart/" "Mozilla/5.0 (Macintosh; Intel Mac OS X 10_14_5) AppleWebKit/537.36 (KHTML, like Gecko) Chrome/77.0.3865.120 Safari/537.36" "-"
172.18.0.1 - - [28/Oct/2019:18:58:32 +0000] "GET /wp-content/themes/storefront/style.css?ver=2.5.3 HTTP/1.1" 200 15077 "https://wordpress.local/cart/" "Mozilla/5.0 (Macintosh; Intel Mac OS X 10_14_5) AppleWebKit/537.36 (KHTML, like Gecko) Chrome/77.0.3865.120 Safari/537.36" "-"
172.18.0.1 - - [28/Oct/2019:18:58:32 +0000] "GET /wp-content/themes/storefront/assets/css/base/icons.css?ver=2.5.3 HTTP/1.1" 200 19006 "https://wordpress.local/cart/" "Mozilla/5.0 (Macintosh; Intel Mac OS X 10_14_5) AppleWebKit/537.36 (KHTML, like Gecko) Chrome/77.0.3865.120 Safari/537.36" "-"
172.18.0.1 - - [28/Oct/2019:18:58:32 +0000] "GET /wp-content/themes/storefront/assets/css/woocommerce/woocommerce.css?ver=2.5.3 HTTP/1.1" 200 14277 "https://wordpress.local/cart/" "Mozilla/5.0 (Macintosh; Intel Mac OS X 10_14_5) AppleWebKit/537.36 (KHTML, like Gecko) Chrome/77.0.3865.120 Safari/537.36" "-"
172.18.0.1 - - [28/Oct/2019:18:58:32 +0000] "GET /wp-includes/js/wp-emoji-release.min.js?ver=5.2.4 HTTP/1.1" 200 5226 "https://wordpress.local/cart/" "Mozilla/5.0 (Macintosh; Intel Mac OS X 10_14_5) AppleWebKit/537.36 (KHTML, like Gecko) Chrome/77.0.3865.120 Safari/537.36" "-"
172.18.0.1 - - [28/Oct/2019:18:58:32 +0000] "GET /wp-content/plugins/woocommerce/assets/js/frontend/country-select.min.js?ver=3.7.1 HTTP/1.1" 200 1166 "https://wordpress.local/cart/" "Mozilla/5.0 (Macintosh; Intel Mac OS X 10_14_5) AppleWebKit/537.36 (KHTML, like Gecko) Chrome/77.0.3865.120 Safari/537.36" "-"
172.18.0.1 - - [28/Oct/2019:18:58:32 +0000] "GET /wp-content/plugins/woocommerce/assets/js/frontend/address-i18n.min.js?ver=3.7.1 HTTP/1.1" 200 965 "https://wordpress.local/cart/" "Mozilla/5.0 (Macintosh; Intel Mac OS X 10_14_5) AppleWebKit/537.36 (KHTML, like Gecko) Chrome/77.0.3865.120 Safari/537.36" "-"
172.18.0.1 - - [28/Oct/2019:18:58:32 +0000] "GET /wp-content/plugins/woocommerce/assets/js/frontend/cart.min.js?ver=3.7.1 HTTP/1.1" 200 2182 "https://wordpress.local/cart/" "Mozilla/5.0 (Macintosh; Intel Mac OS X 10_14_5) AppleWebKit/537.36 (KHTML, like Gecko) Chrome/77.0.3865.120 Safari/537.36" "-"
172.18.0.1 - - [28/Oct/2019:18:58:32 +0000] "GET /wp-content/plugins/woocommerce/assets/js/selectWoo/selectWoo.full.min.js?ver=1.0.6 HTTP/1.1" 200 25981 "https://wordpress.local/cart/" "Mozilla/5.0 (Macintosh; Intel Mac OS X 10_14_5) AppleWebKit/537.36 (KHTML, like Gecko) Chrome/77.0.3865.120 Safari/537.36" "-"
172.18.0.1 - - [28/Oct/2019:18:58:38 +0000] "GET /checkout/ HTTP/1.1" 200 47729 "https://wordpress.local/cart/" "Mozilla/5.0 (Macintosh; Intel Mac OS X 10_14_5) AppleWebKit/537.36 (KHTML, like Gecko) Chrome/77.0.3865.120 Safari/537.36" "-"
172.18.0.1 - - [28/Oct/2019:18:58:38 +0000] "GET /wp-content/plugins/woocommerce-mercadopago/assets/css/config_mercadopago.css?ver=5.2.4 HTTP/1.1" 200 1216 "https://wordpress.local/checkout/" "Mozilla/5.0 (Macintosh; Intel Mac OS X 10_14_5) AppleWebKit/537.36 (KHTML, like Gecko) Chrome/77.0.3865.120 Safari/537.36" "-"
172.18.0.1 - - [28/Oct/2019:18:58:38 +0000] "GET /wp-content/plugins/woocommerce-mercadopago/assets/images/mercadopago.png HTTP/1.1" 200 5345 "https://wordpress.local/checkout/" "Mozilla/5.0 (Macintosh; Intel Mac OS X 10_14_5) AppleWebKit/537.36 (KHTML, like Gecko) Chrome/77.0.3865.120 Safari/537.36" "-"
172.18.0.1 - - [28/Oct/2019:18:58:38 +0000] "GET /wp-content/plugins/woocommerce-mercadopago/assets/js/ticket.js HTTP/1.1" 200 5689 "https://wordpress.local/checkout/" "Mozilla/5.0 (Macintosh; Intel Mac OS X 10_14_5) AppleWebKit/537.36 (KHTML, like Gecko) Chrome/77.0.3865.120 Safari/537.36" "-"
172.18.0.1 - - [28/Oct/2019:18:58:38 +0000] "GET /wp-content/plugins/woocommerce-mercadopago/assets/css/basic_checkout_mercadopago.css?ver=5.2.4 HTTP/1.1" 200 2154 "https://wordpress.local/checkout/" "Mozilla/5.0 (Macintosh; Intel Mac OS X 10_14_5) AppleWebKit/537.36 (KHTML, like Gecko) Chrome/77.0.3865.120 Safari/537.36" "-"
172.18.0.1 - - [28/Oct/2019:18:58:38 +0000] "GET /wp-content/plugins/woocommerce/assets/js/frontend/checkout.min.js?ver=3.7.1 HTTP/1.1" 200 4097 "https://wordpress.local/checkout/" "Mozilla/5.0 (Macintosh; Intel Mac OS X 10_14_5) AppleWebKit/537.36 (KHTML, like Gecko) Chrome/77.0.3865.120 Safari/537.36" "-"
172.18.0.1 - - [28/Oct/2019:18:58:42 +0000] "POST /?wc-ajax=update_order_review HTTP/1.1" 200 76149 "https://wordpress.local/checkout/" "Mozilla/5.0 (Macintosh; Intel Mac OS X 10_14_5) AppleWebKit/537.36 (KHTML, like Gecko) Chrome/77.0.3865.120 Safari/537.36" "-"
172.18.0.1 - - [28/Oct/2019:18:58:42 +0000] "GET /wp-content/plugins/woocommerce-mercadopago/assets/js/ticket.js HTTP/1.1" 200 5689 "https://wordpress.local/checkout/" "Mozilla/5.0 (Macintosh; Intel Mac OS X 10_14_5) AppleWebKit/537.36 (KHTML, like Gecko) Chrome/77.0.3865.120 Safari/537.36" "-"
172.18.0.1 - - [28/Oct/2019:18:59:09 +0000] "POST /?wc-ajax=checkout HTTP/1.1" 200 416 "https://wordpress.local/checkout/" "Mozilla/5.0 (Macintosh; Intel Mac OS X 10_14_5) AppleWebKit/537.36 (KHTML, like Gecko) Chrome/77.0.3865.120 Safari/537.36" "-"
172.18.0.6 - - [28/Oct/2019:18:59:52 +0000] "POST /wp-cron.php?doing_wp_cron=1572289191.6209518909454345703125 HTTP/1.1" 200 31 "https://wordpress.local/wp-cron.php?doing_wp_cron=1572289191.6209518909454345703125" "WordPress/5.2.4; https://wordpress.local" "-"
172.18.0.1 - - [28/Oct/2019:18:59:54 +0000] "POST /?wc-ajax=checkout HTTP/1.1" 200 416 "https://wordpress.local/checkout/" "Mozilla/5.0 (Macintosh; Intel Mac OS X 10_14_5) AppleWebKit/537.36 (KHTML, like Gecko) Chrome/77.0.3865.120 Safari/537.36" "-"
172.18.0.1 - - [28/Oct/2019:19:00:17 +0000] "POST /wp-admin/admin-ajax.php HTTP/1.1" 200 58 "https://wordpress.local/wp-admin/admin.php?page=wc-settings&tab=checkout&section=woo-mercado-pago-custom" "Mozilla/5.0 (Macintosh; Intel Mac OS X 10_14_5) AppleWebKit/537.36 (KHTML, like Gecko) Chrome/77.0.3865.120 Safari/537.36" "-"
172.18.0.6 - - [28/Oct/2019:19:00:29 +0000] "POST /wp-cron.php?doing_wp_cron=1572289228.7654058933258056640625 HTTP/1.1" 200 31 "https://wordpress.local/wp-cron.php?doing_wp_cron=1572289228.7654058933258056640625" "WordPress/5.2.4; https://wordpress.local" "-"
172.18.0.1 - - [28/Oct/2019:19:00:35 +0000] "POST /?wc-ajax=checkout HTTP/1.1" 200 130 "https://wordpress.local/checkout/" "Mozilla/5.0 (Macintosh; Intel Mac OS X 10_14_5) AppleWebKit/537.36 (KHTML, like Gecko) Chrome/77.0.3865.120 Safari/537.36" "-"
172.18.0.1 - - [28/Oct/2019:19:00:37 +0000] "GET /checkout/order-received/217/?key=wc_order_0AEKHX4pQTdOR HTTP/1.1" 200 27290 "https://wordpress.local/checkout/" "Mozilla/5.0 (Macintosh; Intel Mac OS X 10_14_5) AppleWebKit/537.36 (KHTML, like Gecko) Chrome/77.0.3865.120 Safari/537.36" "-"
172.18.0.1 - - [28/Oct/2019:19:00:37 +0000] "GET /wp-content/plugins/woocommerce-mercadopago/assets/css/config_mercadopago.css?ver=5.2.4 HTTP/1.1" 200 1216 "https://wordpress.local/checkout/order-received/217/?key=wc_order_0AEKHX4pQTdOR" "Mozilla/5.0 (Macintosh; Intel Mac OS X 10_14_5) AppleWebKit/537.36 (KHTML, like Gecko) Chrome/77.0.3865.120 Safari/537.36" "-"
172.18.0.1 - - [28/Oct/2019:19:00:37 +0000] "GET /wp-includes/js/wp-emoji-release.min.js?ver=5.2.4 HTTP/1.1" 200 5226 "https://wordpress.local/checkout/order-received/217/?key=wc_order_0AEKHX4pQTdOR" "Mozilla/5.0 (Macintosh; Intel Mac OS X 10_14_5) AppleWebKit/537.36 (KHTML, like Gecko) Chrome/77.0.3865.120 Safari/537.36" "-"
172.18.0.1 - - [28/Oct/2019:19:00:37 +0000] "POST /?wc-ajax=get_refreshed_fragments HTTP/1.1" 200 744 "https://wordpress.local/checkout/order-received/217/?key=wc_order_0AEKHX4pQTdOR" "Mozilla/5.0 (Macintosh; Intel Mac OS X 10_14_5) AppleWebKit/537.36 (KHTML, like Gecko) Chrome/77.0.3865.120 Safari/537.36" "-"
172.18.0.1 - - [28/Oct/2019:19:00:59 +0000] "GET / HTTP/1.1" 200 12277 "https://wordpress.local/checkout/order-received/217/?key=wc_order_0AEKHX4pQTdOR" "Mozilla/5.0 (Macintosh; Intel Mac OS X 10_14_5) AppleWebKit/537.36 (KHTML, like Gecko) Chrome/77.0.3865.120 Safari/537.36" "-"
172.18.0.1 - - [28/Oct/2019:19:00:59 +0000] "GET /wp-content/uploads/2019/10/accessories-768x768.jpg HTTP/1.1" 200 33512 "https://wordpress.local/" "Mozilla/5.0 (Macintosh; Intel Mac OS X 10_14_5) AppleWebKit/537.36 (KHTML, like Gecko) Chrome/77.0.3865.120 Safari/537.36" "-"
172.18.0.1 - - [28/Oct/2019:19:00:59 +0000] "GET /wp-content/uploads/2019/10/hoodies-768x768.jpg HTTP/1.1" 200 60787 "https://wordpress.local/" "Mozilla/5.0 (Macintosh; Intel Mac OS X 10_14_5) AppleWebKit/537.36 (KHTML, like Gecko) Chrome/77.0.3865.120 Safari/537.36" "-"
172.18.0.1 - - [28/Oct/2019:19:00:59 +0000] "GET /wp-content/uploads/2019/10/tshirts-768x768.jpg HTTP/1.1" 200 50348 "https://wordpress.local/" "Mozilla/5.0 (Macintosh; Intel Mac OS X 10_14_5) AppleWebKit/537.36 (KHTML, like Gecko) Chrome/77.0.3865.120 Safari/537.36" "-"
172.18.0.1 - - [28/Oct/2019:19:00:59 +0000] "GET /wp-content/uploads/2019/10/vneck-tee-768x767.jpg HTTP/1.1" 200 29482 "https://wordpress.local/" "Mozilla/5.0 (Macintosh; Intel Mac OS X 10_14_5) AppleWebKit/537.36 (KHTML, like Gecko) Chrome/77.0.3865.120 Safari/537.36" "-"
172.18.0.1 - - [28/Oct/2019:19:00:59 +0000] "GET /wp-content/uploads/2019/10/long-sleeve-tee-768x768.jpg HTTP/1.1" 200 29786 "https://wordpress.local/" "Mozilla/5.0 (Macintosh; Intel Mac OS X 10_14_5) AppleWebKit/537.36 (KHTML, like Gecko) Chrome/77.0.3865.120 Safari/537.36" "-"
172.18.0.1 - - [28/Oct/2019:19:00:59 +0000] "GET /wp-content/uploads/2019/10/tshirt-768x768.jpg HTTP/1.1" 200 26560 "https://wordpress.local/" "Mozilla/5.0 (Macintosh; Intel Mac OS X 10_14_5) AppleWebKit/537.36 (KHTML, like Gecko) Chrome/77.0.3865.120 Safari/537.36" "-"
172.18.0.1 - - [28/Oct/2019:19:00:59 +0000] "GET /wp-content/uploads/2019/10/polo-768x767.jpg HTTP/1.1" 200 27765 "https://wordpress.local/" "Mozilla/5.0 (Macintosh; Intel Mac OS X 10_14_5) AppleWebKit/537.36 (KHTML, like Gecko) Chrome/77.0.3865.120 Safari/537.36" "-"
172.18.0.1 - - [28/Oct/2019:19:00:59 +0000] "GET /wp-content/uploads/2019/10/hoodie-768x768.jpg HTTP/1.1" 200 29187 "https://wordpress.local/" "Mozilla/5.0 (Macintosh; Intel Mac OS X 10_14_5) AppleWebKit/537.36 (KHTML, like Gecko) Chrome/77.0.3865.120 Safari/537.36" "-"
172.18.0.1 - - [28/Oct/2019:19:00:59 +0000] "GET /wp-content/uploads/2019/10/sunglasses-768x768.jpg HTTP/1.1" 200 20730 "https://wordpress.local/" "Mozilla/5.0 (Macintosh; Intel Mac OS X 10_14_5) AppleWebKit/537.36 (KHTML, like Gecko) Chrome/77.0.3865.120 Safari/537.36" "-"
172.18.0.1 - - [28/Oct/2019:19:00:59 +0000] "GET /wp-content/uploads/2019/10/hoodie-with-pocket-768x768.jpg HTTP/1.1" 200 28958 "https://wordpress.local/" "Mozilla/5.0 (Macintosh; Intel Mac OS X 10_14_5) AppleWebKit/537.36 (KHTML, like Gecko) Chrome/77.0.3865.120 Safari/537.36" "-"
172.18.0.1 - - [28/Oct/2019:19:00:59 +0000] "GET /wp-content/uploads/2019/10/hoodie-with-zipper-768x768.jpg HTTP/1.1" 200 33999 "https://wordpress.local/" "Mozilla/5.0 (Macintosh; Intel Mac OS X 10_14_5) AppleWebKit/537.36 (KHTML, like Gecko) Chrome/77.0.3865.120 Safari/537.36" "-"
172.18.0.1 - - [28/Oct/2019:19:00:59 +0000] "GET /wp-includes/js/wp-emoji-release.min.js?ver=5.2.4 HTTP/1.1" 200 5226 "https://wordpress.local/" "Mozilla/5.0 (Macintosh; Intel Mac OS X 10_14_5) AppleWebKit/537.36 (KHTML, like Gecko) Chrome/77.0.3865.120 Safari/537.36" "-"
172.18.0.1 - - [28/Oct/2019:19:00:59 +0000] "GET /wp-content/uploads/2019/10/belt-768x768.jpg HTTP/1.1" 200 25688 "https://wordpress.local/" "Mozilla/5.0 (Macintosh; Intel Mac OS X 10_14_5) AppleWebKit/537.36 (KHTML, like Gecko) Chrome/77.0.3865.120 Safari/537.36" "-"
172.18.0.1 - - [28/Oct/2019:19:00:59 +0000] "GET /wp-content/uploads/2019/10/cap-768x768.jpg HTTP/1.1" 200 25777 "https://wordpress.local/" "Mozilla/5.0 (Macintosh; Intel Mac OS X 10_14_5) AppleWebKit/537.36 (KHTML, like Gecko) Chrome/77.0.3865.120 Safari/537.36" "-"
172.18.0.6 - - [28/Oct/2019:19:01:29 +0000] "POST /wp-cron.php?doing_wp_cron=1572289288.7817909717559814453125 HTTP/1.1" 200 31 "https://wordpress.local/wp-cron.php?doing_wp_cron=1572289288.7817909717559814453125" "WordPress/5.2.4; https://wordpress.local" "-"
172.18.0.1 - - [28/Oct/2019:19:01:29 +0000] "POST /?wc-ajax=add_to_cart HTTP/1.1" 200 2576 "https://wordpress.local/" "Mozilla/5.0 (Macintosh; Intel Mac OS X 10_14_5) AppleWebKit/537.36 (KHTML, like Gecko) Chrome/77.0.3865.120 Safari/537.36" "-"
172.18.0.1 - - [28/Oct/2019:19:01:31 +0000] "GET /cart/ HTTP/1.1" 200 30705 "https://wordpress.local/" "Mozilla/5.0 (Macintosh; Intel Mac OS X 10_14_5) AppleWebKit/537.36 (KHTML, like Gecko) Chrome/77.0.3865.120 Safari/537.36" "-"
172.18.0.1 - - [28/Oct/2019:19:01:31 +0000] "GET /wp-content/plugins/woocommerce/assets/css/select2.css?ver=3.7.1 HTTP/1.1" 200 2505 "https://wordpress.local/cart/" "Mozilla/5.0 (Macintosh; Intel Mac OS X 10_14_5) AppleWebKit/537.36 (KHTML, like Gecko) Chrome/77.0.3865.120 Safari/537.36" "-"
